F:\EMBEDDED\MCP\Programming\LeHungViet_MockPRJ\CMSIS/core_cm0plus.h:733:22:__NVIC_EnableIRQ	16	static
F:\EMBEDDED\MCP\Programming\LeHungViet_MockPRJ\CMSIS/core_cm0plus.h:769:22:__NVIC_DisableIRQ	16	static
../drivers/uart/Src/KL46_uart.c:29:6:UART0_RxEnable	16	static
../drivers/uart/Src/KL46_uart.c:42:20:UART0_TxEnable	16	static
../drivers/uart/Src/KL46_uart.c:54:6:UART0_Init	40	static
../drivers/uart/Src/KL46_uart.c:164:18:UART0_SendChar	24	static
../drivers/uart/Src/KL46_uart.c:196:18:UART0_SendString	48	static
../drivers/uart/Src/KL46_uart.c:212:18:UART0_ReceiveCharBlocking	24	static
../drivers/uart/Src/KL46_uart.c:230:6:UART0_ReceiveCharNonBlocking	8	static
../drivers/uart/Src/KL46_uart.c:240:6:UART0_IRQHandler	8	static
../drivers/uart/Src/KL46_uart.c:252:6:UART0_Update_Rx_Handler	16	static
../drivers/uart/Src/KL46_uart.c:256:6:UART0_DeInit	8	static
../drivers/uart/Src/KL46_uart.c:272:16:UART_Find_OSR	40	static
