../middle/BIOS/Src/KL46_bios.c:55:6:bootloader_jump_to_address	32	static
../middle/BIOS/Src/KL46_bios.c:74:6:BIOS_main	24	static
../middle/BIOS/Src/KL46_bios.c:96:13:BIOS_Handler	16	static
../middle/BIOS/Src/KL46_bios.c:105:13:BIOS_Cmd_Handler	32	static
../middle/BIOS/Src/KL46_bios.c:152:13:BIOS_Reset_Cmd_Buffer	16	static
../middle/BIOS/Src/KL46_bios.c:161:17:String2Hexa	24	static
../middle/BIOS/Src/KL46_bios.c:182:17:BIOS_Load	16	static
../middle/BIOS/Src/KL46_bios.c:202:13:BIOS_Erase	16	static
../middle/BIOS/Src/KL46_bios.c:211:6:BIOS_Jump_To_Default_App	8	static
